\BOOKMARK [0][]{chapter.3}{\376\377\0001\000\040\000I\000n\000t\000r\000o\000d\000u\000c\000t\000i\000o\000n}{}% 1
\BOOKMARK [1][]{section.4}{\376\377\0001\000.\0001\000\040\000P\000r\000o\000j\000e\000c\000t\000\040\000O\000v\000e\000r\000v\000i\000e\000w}{chapter.3}% 2
\BOOKMARK [1][]{section.5}{\376\377\0001\000.\0002\000\040\000M\000o\000t\000i\000v\000a\000t\000i\000o\000n}{chapter.3}% 3
\BOOKMARK [1][]{section.6}{\376\377\0001\000.\0003\000\040\000P\000r\000o\000b\000l\000e\000m\000\040\000S\000t\000a\000t\000e\000m\000e\000n\000t}{chapter.3}% 4
\BOOKMARK [1][]{section.7}{\376\377\0001\000.\0004\000\040\000P\000r\000o\000p\000o\000s\000e\000d\000\040\000S\000o\000l\000u\000t\000i\000o\000n}{chapter.3}% 5
\BOOKMARK [1][]{section.8}{\376\377\0001\000.\0005\000\040\000O\000b\000j\000e\000c\000t\000i\000v\000e\000s}{chapter.3}% 6
\BOOKMARK [1][]{section.9}{\376\377\0001\000.\0006\000\040\000R\000e\000s\000e\000a\000r\000c\000h\000\040\000Q\000u\000e\000s\000t\000i\000o\000n\000s}{chapter.3}% 7
\BOOKMARK [1][]{section.15}{\376\377\0001\000.\0007\000\040\000S\000c\000o\000p\000e\000\040\000a\000n\000d\000\040\000L\000i\000m\000i\000t\000a\000t\000i\000o\000n\000s}{chapter.3}% 8
\BOOKMARK [0][]{chapter.16}{\376\377\0002\000\040\000L\000i\000t\000e\000r\000a\000t\000u\000r\000e\000\040\000R\000e\000v\000i\000e\000w}{}% 9
\BOOKMARK [1][]{section.17}{\376\377\0002\000.\0001\000\040\000I\000n\000t\000r\000o\000d\000u\000c\000t\000i\000o\000n}{chapter.16}% 10
\BOOKMARK [1][]{section.18}{\376\377\0002\000.\0002\000\040\000R\000e\000s\000e\000a\000r\000c\000h\000\040\000R\000e\000v\000i\000e\000w\000\040\000o\000f\000\040\000F\000o\000u\000n\000d\000a\000t\000i\000o\000n\000a\000l\000\040\000S\000t\000u\000d\000i\000e\000s}{chapter.16}% 11
\BOOKMARK [1][]{section.20}{\376\377\0002\000.\0003\000\040\000I\000n\000v\000e\000s\000t\000i\000g\000a\000t\000i\000o\000n\000\040\000F\000r\000a\000m\000e\000w\000o\000r\000k}{chapter.16}% 12
\BOOKMARK [1][]{section.22}{\376\377\0002\000.\0004\000\040\000U\000n\000i\000f\000i\000e\000d\000\040\000C\000o\000m\000m\000u\000n\000i\000c\000a\000t\000i\000o\000n\000\040\000P\000l\000a\000t\000f\000o\000r\000m\000s}{chapter.16}% 13
\BOOKMARK [2][]{subsection.23}{\376\377\0002\000.\0004\000.\0001\000\040\000E\000x\000i\000s\000t\000i\000n\000g\000\040\000S\000o\000l\000u\000t\000i\000o\000n\000s}{section.22}% 14
\BOOKMARK [2][]{subsection.24}{\376\377\0002\000.\0004\000.\0002\000\040\000L\000i\000m\000i\000t\000a\000t\000i\000o\000n\000s\000\040\000o\000f\000\040\000C\000u\000r\000r\000e\000n\000t\000\040\000S\000o\000l\000u\000t\000i\000o\000n\000s}{section.22}% 15
\BOOKMARK [1][]{section.25}{\376\377\0002\000.\0005\000\040\000A\000I\000-\000P\000o\000w\000e\000r\000e\000d\000\040\000C\000o\000m\000m\000u\000n\000i\000c\000a\000t\000i\000o\000n\000\040\000A\000s\000s\000i\000s\000t\000a\000n\000t\000s}{chapter.16}% 16
\BOOKMARK [2][]{subsection.26}{\376\377\0002\000.\0005\000.\0001\000\040\000E\000m\000a\000i\000l\000\040\000A\000u\000t\000o\000m\000a\000t\000i\000o\000n\000\040\000S\000y\000s\000t\000e\000m\000s}{section.25}% 17
\BOOKMARK [2][]{subsection.27}{\376\377\0002\000.\0005\000.\0002\000\040\000L\000o\000c\000a\000l\000\040\000A\000I\000\040\000P\000r\000o\000c\000e\000s\000s\000i\000n\000g}{section.25}% 18
\BOOKMARK [1][]{section.28}{\376\377\0002\000.\0006\000\040\000T\000h\000e\000o\000r\000e\000t\000i\000c\000a\000l\000\040\000F\000o\000u\000n\000d\000a\000t\000i\000o\000n\000s}{chapter.16}% 19
\BOOKMARK [2][]{subsection.29}{\376\377\0002\000.\0006\000.\0001\000\040\000A\000g\000e\000n\000t\000-\000B\000a\000s\000e\000d\000\040\000C\000o\000m\000m\000u\000n\000i\000c\000a\000t\000i\000o\000n}{section.28}% 20
\BOOKMARK [2][]{subsection.30}{\376\377\0002\000.\0006\000.\0002\000\040\000L\000L\000M\000\040\000A\000g\000e\000n\000t\000\040\000I\000n\000t\000e\000g\000r\000a\000t\000i\000o\000n}{section.28}% 21
\BOOKMARK [2][]{subsection.31}{\376\377\0002\000.\0006\000.\0003\000\040\000V\000o\000i\000c\000e\000\040\000I\000n\000t\000e\000r\000f\000a\000c\000e\000\040\000I\000n\000t\000e\000g\000r\000a\000t\000i\000o\000n}{section.28}% 22
\BOOKMARK [1][]{section.32}{\376\377\0002\000.\0007\000\040\000C\000o\000m\000p\000a\000r\000a\000t\000i\000v\000e\000\040\000I\000n\000v\000e\000s\000t\000i\000g\000a\000t\000i\000o\000n\000\040\000a\000n\000d\000\040\000M\000a\000r\000k\000e\000t\000\040\000A\000n\000a\000l\000y\000s\000i\000s}{chapter.16}% 23
\BOOKMARK [1][]{section.37}{\376\377\0002\000.\0008\000\040\000R\000e\000s\000e\000a\000r\000c\000h\000\040\000G\000a\000p\000s}{chapter.16}% 24
\BOOKMARK [1][]{section.38}{\376\377\0002\000.\0009\000\040\000C\000o\000n\000c\000l\000u\000s\000i\000o\000n}{chapter.16}% 25
\BOOKMARK [0][]{chapter.39}{\376\377\0003\000\040\000S\000y\000s\000t\000e\000m\000\040\000A\000n\000a\000l\000y\000s\000i\000s\000\040\000a\000n\000d\000\040\000D\000e\000s\000i\000g\000n}{}% 26
\BOOKMARK [1][]{section.40}{\376\377\0003\000.\0001\000\040\000S\000y\000s\000t\000e\000m\000\040\000A\000r\000c\000h\000i\000t\000e\000c\000t\000u\000r\000e}{chapter.39}% 27
\BOOKMARK [1][]{section.41}{\376\377\0003\000.\0002\000\040\000C\000o\000r\000e\000\040\000C\000o\000m\000p\000o\000n\000e\000n\000t\000s}{chapter.39}% 28
\BOOKMARK [1][]{section.42}{\376\377\0003\000.\0003\000\040\000B\000e\000h\000a\000v\000i\000o\000r\000a\000l\000\040\000D\000e\000s\000i\000g\000n\000\040\000P\000a\000t\000t\000e\000r\000n\000s}{chapter.39}% 29
\BOOKMARK [2][]{subsection.43}{\376\377\0003\000.\0003\000.\0001\000\040\000P\000r\000i\000o\000r\000i\000t\000y\000\040\000C\000l\000a\000s\000s\000i\000f\000i\000c\000a\000t\000i\000o\000n\000\040\000P\000a\000t\000t\000e\000r\000n}{section.42}% 30
\BOOKMARK [2][]{subsection.45}{\376\377\0003\000.\0003\000.\0002\000\040\000I\000n\000t\000e\000l\000l\000i\000g\000e\000n\000t\000\040\000P\000i\000p\000e\000l\000i\000n\000e\000s}{section.42}% 31
\BOOKMARK [2][]{subsection.46}{\376\377\0003\000.\0003\000.\0003\000\040\000T\000o\000n\000e\000\040\000P\000r\000e\000f\000e\000r\000e\000n\000c\000e\000\040\000P\000a\000t\000t\000e\000r\000n}{section.42}% 32
\BOOKMARK [0][]{chapter.48}{\376\377\0004\000\040\000S\000y\000s\000t\000e\000m\000\040\000M\000o\000d\000e\000l\000i\000n\000g}{}% 33
\BOOKMARK [1][]{section.49}{\376\377\0004\000.\0001\000\040\000U\000s\000e\000\040\000C\000a\000s\000e\000\040\000D\000i\000a\000g\000r\000a\000m}{chapter.48}% 34
\BOOKMARK [1][]{section.51}{\376\377\0004\000.\0002\000\040\000U\000s\000e\000\040\000C\000a\000s\000e\000\040\000D\000e\000s\000c\000r\000i\000p\000t\000i\000o\000n\000s}{chapter.48}% 35
\BOOKMARK [2][]{subsection.52}{\376\377\0004\000.\0002\000.\0001\000\040\000U\000C\000-\0000\0001\000:\000\040\000U\000n\000i\000f\000i\000e\000d\000\040\000I\000n\000b\000o\000x\000\040\000M\000a\000n\000a\000g\000e\000m\000e\000n\000t}{section.51}% 36
\BOOKMARK [2][]{subsection.58}{\376\377\0004\000.\0002\000.\0002\000\040\000U\000C\000-\0000\0002\000:\000\040\000D\000r\000a\000f\000t\000\040\000a\000n\000d\000\040\000R\000e\000p\000l\000y\000\040\000A\000s\000s\000i\000s\000t\000a\000n\000c\000e}{section.51}% 37
\BOOKMARK [2][]{subsection.66}{\376\377\0004\000.\0002\000.\0003\000\040\000U\000C\000-\0000\0003\000:\000\040\000V\000o\000i\000c\000e\000-\000A\000s\000s\000i\000s\000t\000e\000d\000\040\000C\000o\000n\000t\000r\000o\000l}{section.51}% 38
\BOOKMARK [2][]{subsection.73}{\376\377\0004\000.\0002\000.\0004\000\040\000U\000C\000-\0000\0004\000:\000\040\000T\000a\000s\000k\000\040\000E\000x\000t\000r\000a\000c\000t\000i\000o\000n\000\040\000a\000n\000d\000\040\000M\000a\000n\000a\000g\000e\000m\000e\000n\000t}{section.51}% 39
\BOOKMARK [2][]{subsection.79}{\376\377\0004\000.\0002\000.\0005\000\040\000U\000C\000-\0000\0005\000:\000\040\000F\000i\000l\000e\000\040\000A\000t\000t\000a\000c\000h\000m\000e\000n\000t\000\040\000A\000u\000t\000o\000m\000a\000t\000i\000o\000n}{section.51}% 40
\BOOKMARK [1][]{section.85}{\376\377\0004\000.\0003\000\040\000A\000c\000t\000i\000v\000i\000t\000y\000\040\000D\000i\000a\000g\000r\000a\000m\000s}{chapter.48}% 41
\BOOKMARK [2][]{subsection.86}{\376\377\0004\000.\0003\000.\0001\000\040\000O\000v\000e\000r\000a\000l\000l\000\040\000S\000y\000s\000t\000e\000m\000\040\000A\000c\000t\000i\000v\000i\000t\000y}{section.85}% 42
\BOOKMARK [2][]{subsection.88}{\376\377\0004\000.\0003\000.\0002\000\040\000A\000c\000t\000i\000v\000i\000t\000y\000\040\0001\000:\000\040\000V\000o\000i\000c\000e\000-\000B\000a\000s\000e\000d\000\040\000I\000n\000t\000e\000r\000a\000c\000t\000i\000o\000n\000\040\000a\000n\000d\000\040\000C\000o\000n\000t\000r\000o\000l}{section.85}% 43
\BOOKMARK [2][]{subsection.90}{\376\377\0004\000.\0003\000.\0003\000\040\000A\000c\000t\000i\000v\000i\000t\000y\000\040\0002\000:\000\040\000S\000m\000a\000r\000t\000\040\000E\000m\000a\000i\000l\000\040\000a\000n\000d\000\040\000M\000e\000s\000s\000a\000g\000e\000\040\000A\000u\000t\000o\000m\000a\000t\000i\000o\000n}{section.85}% 44
\BOOKMARK [2][]{subsection.92}{\376\377\0004\000.\0003\000.\0004\000\040\000A\000c\000t\000i\000v\000i\000t\000y\000\040\0003\000:\000\040\000M\000u\000l\000t\000i\000-\000A\000p\000p\000\040\000I\000n\000t\000e\000g\000r\000a\000t\000i\000o\000n\000\040\000a\000n\000d\000\040\000A\000u\000t\000h\000e\000n\000t\000i\000c\000a\000t\000i\000o\000n}{section.85}% 45
\BOOKMARK [1][]{section.94}{\376\377\0004\000.\0004\000\040\000C\000o\000m\000p\000o\000n\000e\000n\000t\000\040\000D\000i\000a\000g\000r\000a\000m}{chapter.48}% 46
\BOOKMARK [1][]{section.96}{\376\377\0004\000.\0005\000\040\000A\000r\000c\000h\000i\000t\000e\000c\000t\000u\000r\000e\000\040\000D\000i\000a\000g\000r\000a\000m}{chapter.48}% 47
\BOOKMARK [1][]{section.98}{\376\377\0004\000.\0006\000\040\000W\000i\000r\000e\000f\000r\000a\000m\000e\000s}{chapter.48}% 48
\BOOKMARK [2][]{subsection.99}{\376\377\0004\000.\0006\000.\0001\000\040\000U\000n\000i\000f\000i\000e\000d\000\040\000W\000o\000r\000k\000s\000p\000a\000c\000e\000\040\000W\000i\000r\000e\000f\000r\000a\000m\000e}{section.98}% 49
\BOOKMARK [2][]{subsection.101}{\376\377\0004\000.\0006\000.\0002\000\040\000N\000o\000t\000i\000f\000i\000c\000a\000t\000i\000o\000n\000\040\000a\000n\000d\000\040\000A\000s\000s\000i\000s\000t\000e\000d\000\040\000R\000e\000p\000l\000y\000\040\000W\000i\000r\000e\000f\000r\000a\000m\000e}{section.98}% 50
\BOOKMARK [1][]{section.103}{\376\377\0004\000.\0007\000\040\000M\000o\000d\000e\000l\000i\000n\000g\000\040\000D\000i\000s\000c\000u\000s\000s\000i\000o\000n}{chapter.48}% 51
\BOOKMARK [0][]{chapter.104}{\376\377\0005\000\040\000I\000m\000p\000l\000e\000m\000e\000n\000t\000a\000t\000i\000o\000n}{}% 52
\BOOKMARK [1][]{section.105}{\376\377\0005\000.\0001\000\040\000I\000m\000p\000l\000e\000m\000e\000n\000t\000a\000t\000i\000o\000n\000\040\000O\000v\000e\000r\000v\000i\000e\000w}{chapter.104}% 53
\BOOKMARK [1][]{section.106}{\376\377\0005\000.\0002\000\040\000M\000o\000d\000u\000l\000e\000\040\000D\000e\000t\000a\000i\000l\000s}{chapter.104}% 54
\BOOKMARK [1][]{section.109}{\376\377\0005\000.\0003\000\040\000S\000e\000l\000e\000c\000t\000e\000d\000\040\000T\000e\000c\000h\000n\000i\000c\000a\000l\000\040\000C\000h\000a\000l\000l\000e\000n\000g\000e\000s\000\040\000a\000n\000d\000\040\000S\000o\000l\000u\000t\000i\000o\000n\000s}{chapter.104}% 55
\BOOKMARK [1][]{section.111}{\376\377\0005\000.\0004\000\040\000I\000m\000p\000l\000e\000m\000e\000n\000t\000a\000t\000i\000o\000n\000\040\000P\000a\000t\000t\000e\000r\000n\000s}{chapter.104}% 56
\BOOKMARK [2][]{subsection.112}{\376\377\0005\000.\0004\000.\0001\000\040\000O\000r\000c\000h\000e\000s\000t\000r\000a\000t\000o\000r\000-\000A\000g\000e\000n\000t\000\040\000C\000o\000o\000r\000d\000i\000n\000a\000t\000i\000o\000n}{section.111}% 57
\BOOKMARK [2][]{subsection.113}{\376\377\0005\000.\0004\000.\0002\000\040\000P\000r\000i\000o\000r\000i\000t\000y\000\040\000S\000c\000o\000r\000i\000n\000g}{section.111}% 58
\BOOKMARK [2][]{subsection.114}{\376\377\0005\000.\0004\000.\0003\000\040\000V\000o\000i\000c\000e\000\040\000C\000o\000m\000m\000a\000n\000d\000\040\000H\000a\000n\000d\000l\000i\000n\000g}{section.111}% 59
\BOOKMARK [1][]{section.115}{\376\377\0005\000.\0005\000\040\000R\000e\000p\000r\000e\000s\000e\000n\000t\000a\000t\000i\000v\000e\000\040\000C\000o\000d\000e\000\040\000S\000n\000i\000p\000p\000e\000t\000s}{chapter.104}% 60
\BOOKMARK [2][]{subsection.116}{\376\377\0005\000.\0005\000.\0001\000\040\000B\000a\000s\000e\000\040\000A\000g\000e\000n\000t\000\040\000I\000n\000t\000e\000r\000f\000a\000c\000e}{section.115}% 61
\BOOKMARK [2][]{subsection.117}{\376\377\0005\000.\0005\000.\0002\000\040\000P\000r\000i\000o\000r\000i\000t\000y\000\040\000E\000n\000g\000i\000n\000e\000\040\000P\000a\000t\000t\000e\000r\000n}{section.115}% 62
\BOOKMARK [1][]{section.118}{\376\377\0005\000.\0006\000\040\000U\000s\000e\000r\000\040\000I\000n\000t\000e\000r\000f\000a\000c\000e\000\040\000S\000c\000r\000e\000e\000n\000s}{chapter.104}% 63
\BOOKMARK [1][]{section.121}{\376\377\0005\000.\0007\000\040\000C\000o\000n\000c\000l\000u\000s\000i\000o\000n}{chapter.104}% 64
\BOOKMARK [0][]{chapter.122}{\376\377\0006\000\040\000D\000e\000v\000e\000l\000o\000p\000m\000e\000n\000t\000\040\000I\000t\000e\000r\000a\000t\000i\000o\000n\000s}{}% 65
\BOOKMARK [1][]{section.123}{\376\377\0006\000.\0001\000\040\000I\000n\000t\000r\000o\000d\000u\000c\000t\000i\000o\000n}{chapter.122}% 66
\BOOKMARK [1][]{section.124}{\376\377\0006\000.\0002\000\040\000I\000t\000e\000r\000a\000t\000i\000o\000n\000\040\000P\000l\000a\000n}{chapter.122}% 67
\BOOKMARK [1][]{section.126}{\376\377\0006\000.\0003\000\040\000I\000t\000e\000r\000a\000t\000i\000o\000n\000\040\0001}{chapter.122}% 68
\BOOKMARK [2][]{subsection.127}{\376\377\0006\000.\0003\000.\0001\000\040\000O\000b\000j\000e\000c\000t\000i\000v\000e\000s}{section.126}% 69
\BOOKMARK [2][]{subsection.128}{\376\377\0006\000.\0003\000.\0002\000\040\000M\000a\000j\000o\000r\000\040\000D\000e\000l\000i\000v\000e\000r\000a\000b\000l\000e\000s}{section.126}% 70
\BOOKMARK [2][]{subsection.129}{\376\377\0006\000.\0003\000.\0003\000\040\000I\000t\000e\000r\000a\000t\000i\000o\000n\000\040\000O\000u\000t\000c\000o\000m\000e}{section.126}% 71
\BOOKMARK [1][]{section.130}{\376\377\0006\000.\0004\000\040\000I\000t\000e\000r\000a\000t\000i\000o\000n\000\040\0002}{chapter.122}% 72
\BOOKMARK [2][]{subsection.131}{\376\377\0006\000.\0004\000.\0001\000\040\000O\000b\000j\000e\000c\000t\000i\000v\000e\000s}{section.130}% 73
\BOOKMARK [2][]{subsection.132}{\376\377\0006\000.\0004\000.\0002\000\040\000M\000a\000j\000o\000r\000\040\000D\000e\000l\000i\000v\000e\000r\000a\000b\000l\000e\000s}{section.130}% 74
\BOOKMARK [2][]{subsection.133}{\376\377\0006\000.\0004\000.\0003\000\040\000I\000t\000e\000r\000a\000t\000i\000o\000n\000\040\000O\000u\000t\000c\000o\000m\000e}{section.130}% 75
\BOOKMARK [1][]{section.134}{\376\377\0006\000.\0005\000\040\000I\000t\000e\000r\000a\000t\000i\000o\000n\000\040\0003}{chapter.122}% 76
\BOOKMARK [2][]{subsection.135}{\376\377\0006\000.\0005\000.\0001\000\040\000O\000b\000j\000e\000c\000t\000i\000v\000e\000s}{section.134}% 77
\BOOKMARK [2][]{subsection.136}{\376\377\0006\000.\0005\000.\0002\000\040\000M\000a\000j\000o\000r\000\040\000D\000e\000l\000i\000v\000e\000r\000a\000b\000l\000e\000s}{section.134}% 78
\BOOKMARK [2][]{subsection.137}{\376\377\0006\000.\0005\000.\0003\000\040\000I\000t\000e\000r\000a\000t\000i\000o\000n\000\040\000O\000u\000t\000c\000o\000m\000e}{section.134}% 79
\BOOKMARK [1][]{section.138}{\376\377\0006\000.\0006\000\040\000I\000t\000e\000r\000a\000t\000i\000o\000n\000\040\0004}{chapter.122}% 80
\BOOKMARK [2][]{subsection.139}{\376\377\0006\000.\0006\000.\0001\000\040\000O\000b\000j\000e\000c\000t\000i\000v\000e\000s}{section.138}% 81
\BOOKMARK [2][]{subsection.140}{\376\377\0006\000.\0006\000.\0002\000\040\000M\000a\000j\000o\000r\000\040\000D\000e\000l\000i\000v\000e\000r\000a\000b\000l\000e\000s}{section.138}% 82
\BOOKMARK [2][]{subsection.141}{\376\377\0006\000.\0006\000.\0003\000\040\000I\000t\000e\000r\000a\000t\000i\000o\000n\000\040\000O\000u\000t\000c\000o\000m\000e}{section.138}% 83
\BOOKMARK [1][]{section.142}{\376\377\0006\000.\0007\000\040\000I\000t\000e\000r\000a\000t\000i\000o\000n\000\040\0005}{chapter.122}% 84
\BOOKMARK [2][]{subsection.143}{\376\377\0006\000.\0007\000.\0001\000\040\000O\000b\000j\000e\000c\000t\000i\000v\000e\000s}{section.142}% 85
\BOOKMARK [2][]{subsection.144}{\376\377\0006\000.\0007\000.\0002\000\040\000M\000a\000j\000o\000r\000\040\000D\000e\000l\000i\000v\000e\000r\000a\000b\000l\000e\000s}{section.142}% 86
\BOOKMARK [2][]{subsection.145}{\376\377\0006\000.\0007\000.\0003\000\040\000I\000t\000e\000r\000a\000t\000i\000o\000n\000\040\000O\000u\000t\000c\000o\000m\000e}{section.142}% 87
\BOOKMARK [0][]{chapter.146}{\376\377\0007\000\040\000T\000e\000s\000t\000i\000n\000g\000,\000\040\000R\000e\000s\000u\000l\000t\000s\000,\000\040\000a\000n\000d\000\040\000D\000i\000s\000c\000u\000s\000s\000i\000o\000n}{}% 88
\BOOKMARK [1][]{section.147}{\376\377\0007\000.\0001\000\040\000T\000e\000s\000t\000i\000n\000g\000\040\000S\000t\000r\000a\000t\000e\000g\000y}{chapter.146}% 89
\BOOKMARK [1][]{section.148}{\376\377\0007\000.\0002\000\040\000T\000e\000s\000t\000\040\000C\000a\000s\000e\000s\000\040\040\023\000\040\000P\000a\000r\000t\000\040\0001}{chapter.146}% 90
\BOOKMARK [1][]{section.150}{\376\377\0007\000.\0003\000\040\000T\000e\000s\000t\000\040\000C\000a\000s\000e\000s\000\040\040\023\000\040\000P\000a\000r\000t\000\040\0002}{chapter.146}% 91
\BOOKMARK [1][]{section.152}{\376\377\0007\000.\0004\000\040\000T\000e\000s\000t\000i\000n\000g\000\040\000O\000u\000t\000c\000o\000m\000e\000s}{chapter.146}% 92
\BOOKMARK [1][]{section.155}{\376\377\0007\000.\0005\000\040\000P\000e\000r\000f\000o\000r\000m\000a\000n\000c\000e\000\040\000M\000e\000t\000r\000i\000c\000s}{chapter.146}% 93
\BOOKMARK [1][]{section.157}{\376\377\0007\000.\0006\000\040\000K\000e\000y\000\040\000T\000e\000c\000h\000n\000i\000c\000a\000l\000\040\000C\000h\000a\000l\000l\000e\000n\000g\000e\000s\000\040\000I\000d\000e\000n\000t\000i\000f\000i\000e\000d}{chapter.146}% 94
\BOOKMARK [1][]{section.159}{\376\377\0007\000.\0007\000\040\000D\000i\000s\000c\000u\000s\000s\000i\000o\000n}{chapter.146}% 95
\BOOKMARK [1][]{section.160}{\376\377\0007\000.\0008\000\040\000C\000o\000n\000c\000l\000u\000s\000i\000o\000n}{chapter.146}% 96
\BOOKMARK [0][]{chapter.161}{\376\377\0008\000\040\000P\000r\000o\000j\000e\000c\000t\000\040\000M\000a\000n\000a\000g\000e\000m\000e\000n\000t\000\040\000a\000n\000d\000\040\000D\000e\000p\000l\000o\000y\000m\000e\000n\000t\000\040\000C\000o\000n\000s\000i\000d\000e\000r\000a\000t\000i\000o\000n\000s}{}% 97
\BOOKMARK [1][]{section.162}{\376\377\0008\000.\0001\000\040\000P\000r\000o\000j\000e\000c\000t\000\040\000T\000i\000m\000e\000l\000i\000n\000e}{chapter.161}% 98
\BOOKMARK [1][]{section.164}{\376\377\0008\000.\0002\000\040\000R\000i\000s\000k\000\040\000M\000a\000n\000a\000g\000e\000m\000e\000n\000t}{chapter.161}% 99
\BOOKMARK [1][]{section.166}{\376\377\0008\000.\0003\000\040\000T\000e\000a\000m\000\040\000W\000o\000r\000k\000\040\000D\000i\000s\000t\000r\000i\000b\000u\000t\000i\000o\000n}{chapter.161}% 100
\BOOKMARK [1][]{section.168}{\376\377\0008\000.\0004\000\040\000C\000h\000a\000n\000g\000e\000\040\000M\000a\000n\000a\000g\000e\000m\000e\000n\000t}{chapter.161}% 101
\BOOKMARK [1][]{section.169}{\376\377\0008\000.\0005\000\040\000P\000r\000o\000j\000e\000c\000t\000\040\000C\000l\000o\000s\000u\000r\000e}{chapter.161}% 102
\BOOKMARK [0][]{chapter.170}{\376\377\0009\000\040\000U\000s\000e\000r\000\040\000M\000a\000n\000u\000a\000l}{}% 103
\BOOKMARK [1][]{section.171}{\376\377\0009\000.\0001\000\040\000I\000n\000t\000r\000o\000d\000u\000c\000t\000i\000o\000n}{chapter.170}% 104
\BOOKMARK [1][]{section.172}{\376\377\0009\000.\0002\000\040\000G\000e\000t\000t\000i\000n\000g\000\040\000S\000t\000a\000r\000t\000e\000d}{chapter.170}% 105
\BOOKMARK [1][]{section.179}{\376\377\0009\000.\0003\000\040\000U\000s\000e\000r\000\040\000I\000n\000t\000e\000r\000f\000a\000c\000e\000\040\000G\000u\000i\000d\000e}{chapter.170}% 106
\BOOKMARK [1][]{section.180}{\376\377\0009\000.\0004\000\040\000F\000e\000a\000t\000u\000r\000e\000s\000\040\000a\000n\000d\000\040\000F\000u\000n\000c\000t\000i\000o\000n\000a\000l\000i\000t\000y}{chapter.170}% 107
\BOOKMARK [1][]{section.189}{\376\377\0009\000.\0005\000\040\000F\000r\000e\000q\000u\000e\000n\000t\000l\000y\000\040\000A\000s\000k\000e\000d\000\040\000Q\000u\000e\000s\000t\000i\000o\000n\000s\000\040\000\050\000F\000A\000Q\000s\000\051}{chapter.170}% 108
\BOOKMARK [0][]{chapter.194}{\376\377\0001\0000\000\040\000C\000o\000n\000c\000l\000u\000s\000i\000o\000n\000s\000\040\000a\000n\000d\000\040\000F\000u\000t\000u\000r\000e\000\040\000W\000o\000r\000k}{}% 109
\BOOKMARK [1][]{section.195}{\376\377\0001\0000\000.\0001\000\040\000C\000o\000n\000c\000l\000u\000s\000i\000o\000n}{chapter.194}% 110
\BOOKMARK [1][]{section.196}{\376\377\0001\0000\000.\0002\000\040\000L\000i\000m\000i\000t\000a\000t\000i\000o\000n\000s}{chapter.194}% 111
\BOOKMARK [1][]{section.197}{\376\377\0001\0000\000.\0003\000\040\000F\000u\000t\000u\000r\000e\000\040\000W\000o\000r\000k}{chapter.194}% 112
\BOOKMARK [0][]{section.197}{\376\377\000R\000e\000f\000e\000r\000e\000n\000c\000e\000s}{}% 113
\BOOKMARK [0][]{appendix.199}{\376\377\000A\000\040\000S\000u\000p\000p\000l\000e\000m\000e\000n\000t\000a\000r\000y\000\040\000M\000a\000t\000e\000r\000i\000a\000l}{}% 114
\BOOKMARK [1][]{section.200}{\376\377\000A\000.\0001\000\040\000P\000r\000o\000j\000e\000c\000t\000\040\000R\000e\000p\000o\000s\000i\000t\000o\000r\000y}{appendix.199}% 115
\BOOKMARK [1][]{section.201}{\376\377\000A\000.\0002\000\040\000P\000r\000o\000j\000e\000c\000t\000\040\000W\000e\000b\000s\000i\000t\000e}{appendix.199}% 116
